// Jest Snapshot v1, https://goo.gl/fbAQLP

exports[`Index Page matches the snapshot 1`] = `
<Layout>
  <h1>
    Index Page
  </h1>
</Layout>
`;
